// Jest Snapshot v1, https://goo.gl/fbAQLP

exports[`prueba en <GifItem/> GiItem debe hacer match con el snapshot 1`] = `
<div>
  <div
    class="card"
  >
    <img
      alt="mono"
      src="http://jhdhdhdhhdhdhhd.com/gato"
    />
    <p>
      mono
    </p>
  </div>
</div>
`;
